// Jest Snapshot v1, https://goo.gl/fbAQLP

exports[`<Footer /> should render and match the snapshot 1`] = `
<footer
  className="Wrapper-wcfdfo-0 kSaEke"
>
  <section>
    <span>
      This project is conducted for DMI Assessment
    </span>
  </section>
</footer>
`;
