// Jest Snapshot v1, https://goo.gl/fbAQLP

exports[`<HomePage /> should render and match the snapshot 1`] = `
<article>
  <div>
    <section
      class="Section-sc-1eulrsm-0 CenteredSection-sc-6zy0wx-0 imGCbL"
    >
      <h2
        class="H2-egphza-0 HsCXl"
      >
        <span>
          Add a string with a react project in seconds!
        </span>
      </h2>
    </section>
    <section
      class="Section-sc-1eulrsm-0 eTEsZl"
    >
      <div
        class="Wrapper-sc-5dsnpv-0 jpYyqh"
      >
        <a
          class="A-t53uvo-0 imPlZY"
          href="/addStr"
        >
          Add a String
        </a>
      </div>
      <div
        class="Wrapper-sc-1umgotm-0 laCwDT"
      >
        <ul
          class="Ul-mwnq6h-0 jcxXFy"
        >
          <li
            class="Wrapper-euo0oy-0 jLvxtc"
          >
            <div
              class="Item-sc-3y9mie-0 fKXSkT"
            >
              Something went wrong, please try again!
            </div>
          </li>
        </ul>
      </div>
    </section>
  </div>
</article>
`;
